  Determining projects to restore...
  All projects are up-to-date for restore.
  OCR.Domain -> c:\Projects\OCR\OCR.Domain\bin\Debug\net8.0\OCR.Domain.dll
  OCR.Application -> c:\Projects\OCR\OCR.Application\bin\Debug\net8.0\OCR.Application.dll
  OCR.Infrastructure -> c:\Projects\OCR\OCR.Infrastructure\bin\Debug\net8.0\OCR.Infrastructure.dll
  OCR.Host -> c:\Projects\OCR\OCR\bin\Debug\net8.0\OCR.Host.dll
  OCR.IntegrationTests -> c:\Projects\OCR\tests\OCR.IntegrationTests\bin\Debug\net8.0\OCR.IntegrationTests.dll
Test run for c:\Projects\OCR\tests\OCR.IntegrationTests\bin\Debug\net8.0\OCR.IntegrationTests.dll (.NETCoreApp,Version=v8.0)
A total of 1 test files matched the specified pattern.
c:\Projects\OCR\tests\OCR.IntegrationTests\bin\Debug\net8.0\OCR.IntegrationTests.dll
[xUnit.net 00:00:00.00] xUnit.net VSTest Adapter v3.1.4+50e68bbb8b (64-bit .NET 8.0.26)
[xUnit.net 00:00:00.05]   Discovering: OCR.IntegrationTests
[xUnit.net 00:00:00.08]   Discovered:  OCR.IntegrationTests
[xUnit.net 00:00:00.09]   Starting:    OCR.IntegrationTests
[16:27:24 INF] User profile is available. Using 'C:\Users\я┐╜я┐╜я┐╜я┐╜я┐╜\AppData\Local\ASP.NET\DataProtection-Keys' as key repository and Windows DPAPI to encrypt keys at rest.
[16:27:24 INF] Request starting HTTP/1.1 POST http://localhost/api/Auth/Login - application/json; charset=utf-8 55
[16:27:24 WRN] Failed to determine the https port for redirect.
[16:27:24 INF] Executing endpoint 'OCR.Host.Controllers.AuthController.Login (OCR.Host)'
[16:27:24 INF] Route matched with {action = "Login", controller = "Auth"}. Executing controller action with signature System.Threading.Tasks.Task`1[Microsoft.AspNetCore.Mvc.IActionResult] Login(OCR.Application.Features.Auth.LoginUser.LoginUserCommand) on controller OCR.Host.Controllers.AuthController (OCR.Host).
[16:27:24 WRN] You do not have a valid license key for the Lucky Penny software MediatR. This is allowed for development and testing scenarios. If you are running in production you are required to have a licensed version. Please visit https://luckypennysoftware.com to obtain a valid license.
[16:27:24 INF] Executed DbCommand (33ms) [Parameters=[@__normalizedUserName_0='?' (Size = 256)], CommandType='Text', CommandTimeout='30']
SELECT TOP(1) [a].[Id], [a].[AccessFailedCount], [a].[ConcurrencyStamp], [a].[Email], [a].[EmailConfirmed], [a].[LockoutEnabled], [a].[LockoutEnd], [a].[NormalizedEmail], [a].[NormalizedUserName], [a].[PasswordHash], [a].[PhoneNumber], [a].[PhoneNumberConfirmed], [a].[SecurityStamp], [a].[TwoFactorEnabled], [a].[UserName]
FROM [AspNetUsers] AS [a]
WHERE [a].[NormalizedUserName] = @__normalizedUserName_0
[16:27:25 INF] Executed DbCommand (42ms) [Parameters=[@__userId_0='?' (Size = 450)], CommandType='Text', CommandTimeout='30']
SELECT [a0].[Name]
FROM [AspNetUserRoles] AS [a]
INNER JOIN [AspNetRoles] AS [a0] ON [a].[RoleId] = [a0].[Id]
WHERE [a].[UserId] = @__userId_0
[16:27:25 INF] Executing OkObjectResult, writing value of type 'OCR.Application.Features.Auth.LoginUser.LoginUserResult'.
[16:27:25 INF] Executed action OCR.Host.Controllers.AuthController.Login (OCR.Host) in 818.1048ms
[16:27:25 INF] Executed endpoint 'OCR.Host.Controllers.AuthController.Login (OCR.Host)'
[16:27:25 INF] Request finished HTTP/1.1 POST http://localhost/api/Auth/Login - 200 null application/json; charset=utf-8 919.3855ms
[16:27:25 INF] Request starting HTTP/1.1 POST http://localhost/api/Ocr/UploadAndRecognize - multipart/form-data; boundary="5ac51bd5-7c55-4e4e-ac23-2fd128e0c8a3" 513
[16:27:25 INF] Executing endpoint 'OCR.Host.Controllers.OcrController.Upload (OCR.Host)'
[16:27:25 INF] Route matched with {action = "Upload", controller = "Ocr"}. Executing controller action with signature System.Threading.Tasks.Task`1[Microsoft.AspNetCore.Mvc.IActionResult] Upload(OCR.Application.Features.Ocr.Commands.UploadAndRecognizeDocument.UploadAndRecognizeDocumentCommand) on controller OCR.Host.Controllers.OcrController (OCR.Host).
[16:27:25 INF] Starting file upload and OCR processing
[16:27:25 INF] File saved to: c:\Projects\OCR\tests\OCR.IntegrationTests\bin\Debug\net8.0\Documents\6ad624b2-11e3-47da-ac76-51365dde8ebe.pdf
[16:27:25 INF] Executed DbCommand (6ms) [Parameters=[@p0='?' (DbType = Guid), @p1='?' (Size = 4000), @p2='?' (Size = 4000), @p3='?' (Size = 4000), @p4='?' (Size = 4000), @p5='?' (DbType = Int64), @p6='?' (DbType = Int32)], CommandType='Text', CommandTimeout='30']
SET IMPLICIT_TRANSACTIONS OFF;
SET NOCOUNT ON;
INSERT INTO [Documents] ([Id], [FileDescription], [FileExtension], [FileName], [FilePath], [FileSizeInBytes], [Status])
VALUES (@p0, @p1, @p2, @p3, @p4, @p5, @p6);
[16:27:25 INF] Executed action OCR.Host.Controllers.OcrController.Upload (OCR.Host) in 529.1105ms
[16:27:25 INF] Executed endpoint 'OCR.Host.Controllers.OcrController.Upload (OCR.Host)'
[16:27:25 ERR] 599cccd0-d694-44a3-8847-0fe4be93ce2c : Operation returned an invalid status code 'BadRequest'
Microsoft.Azure.CognitiveServices.Vision.ComputerVision.Models.ComputerVisionOcrErrorException: Operation returned an invalid status code 'BadRequest'
   at Microsoft.Azure.CognitiveServices.Vision.ComputerVision.ComputerVisionClient.ReadInStreamWithHttpMessagesAsync(Stream image, String language, IList`1 pages, String modelVersion, String readingOrder, Dictionary`2 customHeaders, CancellationToken cancellationToken)
   at Microsoft.Azure.CognitiveServices.Vision.ComputerVision.ComputerVisionClientExtensions.ReadInStreamAsync(IComputerVisionClient operations, Stream image, String language, IList`1 pages, String modelVersion, String readingOrder, CancellationToken cancellationToken)
   at OCR.Infrastructure.Services.AzureOcrService.RecognizeTextFromFileAsync(String filePath) in c:\Projects\OCR\OCR.Infrastructure\Services\AzureOcrService.cs:line 33
   at OCR.Application.Features.Ocr.Commands.UploadAndRecognizeDocument.UploadAndRecognizeDocumentCommandHandler.Handle(UploadAndRecognizeDocumentCommand request, CancellationToken cancellationToken) in c:\Projects\OCR\OCR.Application\Features\Ocr\Commands\UploadAndRecognizeDocument\UploadAndRecognizeDocumentCommandHandler.cs:line 67
   at OCR.Application.Common.Behaviors.ValidationBehavior`2.Handle(TRequest request, RequestHandlerDelegate`1 next, CancellationToken ct) in c:\Projects\OCR\OCR.Application\Common\Behaviors\ValidationBehavior.cs:line 35
   at OCR.Host.Controllers.OcrController.Upload(UploadAndRecognizeDocumentCommand command) in c:\Projects\OCR\OCR\Controllers\OcrController.cs:line 28
   at Microsoft.AspNetCore.Mvc.Infrastructure.ActionMethodExecutor.TaskOfIActionResultExecutor.Execute(ActionContext actionContext, IActionResultTypeMapper mapper, ObjectMethodExecutor executor, Object controller, Object[] arguments)
   at Microsoft.AspNetCore.Mvc.Infrastructure.ControllerActionInvoker.<InvokeActionMethodAsync>g__Awaited|12_0(ControllerActionInvoker invoker, ValueTask`1 actionResultValueTask)
   at Microsoft.AspNetCore.Mvc.Infrastructure.ControllerActionInvoker.<InvokeNextActionFilterAsync>g__Awaited|10_0(ControllerActionInvoker invoker, Task lastTask, State next, Scope scope, Object state, Boolean isCompleted)
   at Microsoft.AspNetCore.Mvc.Infrastructure.ControllerActionInvoker.Rethrow(ActionExecutedContextSealed context)
   at Microsoft.AspNetCore.Mvc.Infrastructure.ControllerActionInvoker.Next(State& next, Scope& scope, Object& state, Boolean& isCompleted)
   at Microsoft.AspNetCore.Mvc.Infrastructure.ControllerActionInvoker.<InvokeInnerFilterAsync>g__Awaited|13_0(ControllerActionInvoker invoker, Task lastTask, State next, Scope scope, Object state, Boolean isCompleted)
   at Microsoft.AspNetCore.Mvc.Infrastructure.ResourceInvoker.<InvokeFilterPipelineAsync>g__Awaited|20_0(ResourceInvoker invoker, Task lastTask, State next, Scope scope, Object state, Boolean isCompleted)
   at Microsoft.AspNetCore.Mvc.Infrastructure.ResourceInvoker.<InvokeAsync>g__Logged|17_1(ResourceInvoker invoker)
   at Microsoft.AspNetCore.Mvc.Infrastructure.ResourceInvoker.<InvokeAsync>g__Logged|17_1(ResourceInvoker invoker)
   at Microsoft.AspNetCore.Routing.EndpointMiddleware.<Invoke>g__AwaitRequestTask|7_0(Endpoint endpoint, Task requestTask, ILogger logger)
   at OCR.Middlewares.ExceptionHandlerMiddleware.InvokeAsync(HttpContext httpContext) in c:\Projects\OCR\OCR\Middlewares\ExceptionHandlerMiddleware.cs:line 22
[16:27:25 INF] Request finished HTTP/1.1 POST http://localhost/api/Ocr/UploadAndRecognize - 500 null application/json; charset=utf-8 561.1579ms
     Warning:
     The component "Fluent Assertions" is governed by the rules defined in the Xceed License Agreement and
     the Xceed Fluent Assertions Community License. You may use Fluent Assertions free of charge for
     non-commercial use only. An active subscription is required to use Fluent Assertions for commercial use.
     Please contact Xceed Sales mailto:sales@xceed.com to acquire a subscription at a very low cost.
     A paid commercial license supports the development and continued increasing support of
     Fluent Assertions users under both commercial and community licenses. Help us
     keep Fluent Assertions at the forefront of unit testing.
     For more information, visit https://xceed.com/products/unit-testing/fluent-assertions/
[xUnit.net 00:00:01.87]       Expected response.StatusCode to be HttpStatusCode.OK {value: 200}, but found HttpStatusCode.InternalServerError {value: 500}.
[xUnit.net 00:00:01.87]       Stack Trace:
[xUnit.net 00:00:01.87]            at FluentAssertions.Primitives.EnumAssertions`2.Be(TEnum expected, String because, Object[] becauseArgs)
[xUnit.net 00:00:01.87]         c:\Projects\OCR\tests\OCR.IntegrationTests\Api\OcrControllerIntegrationTests.cs(78,0): at OCR.IntegrationTests.Api.OcrControllerIntegrationTests.UploadAndRecognize_Should_Return_Ok()
[xUnit.net 00:00:01.87]         --- End of stack trace from previous location ---
[xUnit.net 00:00:01.87]       Output:
[xUnit.net 00:00:01.87]         {"id":"599cccd0-d694-44a3-8847-0fe4be93ce2c","errorMessage":"Something went wrong! We are looking into resolving this.","realError":"Microsoft.Azure.CognitiveServices.Vision.ComputerVision.Models.ComputerVisionOcrErrorException: Operation returned an invalid status code 'BadRequest'\r\n   at Microsoft.Azure.CognitiveServices.Vision.ComputerVision.ComputerVisionClient.ReadInStreamWithHttpMessagesAsync(Stream image, String language, IList`1 pages, String modelVersion, String readingOrder, Dictionary`2 customHeaders, CancellationToken cancellationToken)\r\n   at Microsoft.Azure.CognitiveServices.Vision.ComputerVision.ComputerVisionClientExtensions.ReadInStreamAsync(IComputerVisionClient operations, Stream image, String language, IList`1 pages, String modelVersion, String readingOrder, CancellationToken cancellationToken)\r\n   at OCR.Infrastructure.Services.AzureOcrService.RecognizeTextFromFileAsync(String filePath) in c:\\Projects\\OCR\\OCR.Infrastructure\\Services\\AzureOcrService.cs:line 33\r\n   at OCR.Application.Features.Ocr.Commands.UploadAndRecognizeDocument.UploadAndRecognizeDocumentCommandHandler.Handle(UploadAndRecognizeDocumentCommand request, CancellationToken cancellationToken) in c:\\Projects\\OCR\\OCR.Application\\Features\\Ocr\\Commands\\UploadAndRecognizeDocument\\UploadAndRecognizeDocumentCommandHandler.cs:line 67\r\n   at OCR.Application.Common.Behaviors.ValidationBehavior`2.Handle(TRequest request, RequestHandlerDelegate`1 next, CancellationToken ct) in c:\\Projects\\OCR\\OCR.Application\\Common\\Behaviors\\ValidationBehavior.cs:line 35\r\n   at OCR.Host.Controllers.OcrController.Upload(UploadAndRecognizeDocumentCommand command) in c:\\Projects\\OCR\\OCR\\Controllers\\OcrController.cs:line 28\r\n   at Microsoft.AspNetCore.Mvc.Infrastructure.ActionMethodExecutor.TaskOfIActionResultExecutor.Execute(ActionContext actionContext, IActionResultTypeMapper mapper, ObjectMethodExecutor executor, Object controller, Object[] arguments)\r\n   at Microsoft.AspNetCore.Mvc.Infrastructure.ControllerActionInvoker.<InvokeActionMethodAsync>g__Awaited|12_0(ControllerActionInvoker invoker, ValueTask`1 actionResultValueTask)\r\n   at Microsoft.AspNetCore.Mvc.Infrastructure.ControllerActionInvoker.<InvokeNextActionFilterAsync>g__Awaited|10_0(ControllerActionInvoker invoker, Task lastTask, State next, Scope scope, Object state, Boolean isCompleted)\r\n   at Microsoft.AspNetCore.Mvc.Infrastructure.ControllerActionInvoker.Rethrow(ActionExecutedContextSealed context)\r\n   at Microsoft.AspNetCore.Mvc.Infrastructure.ControllerActionInvoker.Next(State& next, Scope& scope, Object& state, Boolean& isCompleted)\r\n   at Microsoft.AspNetCore.Mvc.Infrastructure.ControllerActionInvoker.<InvokeInnerFilterAsync>g__Awaited|13_0(ControllerActionInvoker invoker, Task lastTask, State next, Scope scope, Object state, Boolean isCompleted)\r\n   at Microsoft.AspNetCore.Mvc.Infrastructure.ResourceInvoker.<InvokeFilterPipelineAsync>g__Awaited|20_0(ResourceInvoker invoker, Task lastTask, State next, Scope scope, Object state, Boolean isCompleted)\r\n   at Microsoft.AspNetCore.Mvc.Infrastructure.ResourceInvoker.<InvokeAsync>g__Logged|17_1(ResourceInvoker invoker)\r\n   at Microsoft.AspNetCore.Mvc.Infrastructure.ResourceInvoker.<InvokeAsync>g__Logged|17_1(ResourceInvoker invoker)\r\n   at Microsoft.AspNetCore.Routing.EndpointMiddleware.<Invoke>g__AwaitRequestTask|7_0(Endpoint endpoint, Task requestTask, ILogger logger)\r\n   at OCR.Middlewares.ExceptionHandlerMiddleware.InvokeAsync(HttpContext httpContext) in c:\\Projects\\OCR\\OCR\\Middlewares\\ExceptionHandlerMiddleware.cs:line 22"}
[xUnit.net 00:00:01.88]   Finished:    OCR.IntegrationTests
  Failed OCR.IntegrationTests.Api.OcrControllerIntegrationTests.UploadAndRecognize_Should_Return_Ok [1 s]
  Error Message:
   Expected response.StatusCode to be HttpStatusCode.OK {value: 200}, but found HttpStatusCode.InternalServerError {value: 500}.
  Stack Trace:
     at FluentAssertions.Primitives.EnumAssertions`2.Be(TEnum expected, String because, Object[] becauseArgs)
   at OCR.IntegrationTests.Api.OcrControllerIntegrationTests.UploadAndRecognize_Should_Return_Ok() in c:\Projects\OCR\tests\OCR.IntegrationTests\Api\OcrControllerIntegrationTests.cs:line 78
--- End of stack trace from previous location ---
  Standard Output Messages:
 {"id":"599cccd0-d694-44a3-8847-0fe4be93ce2c","errorMessage":"Something went wrong! We are looking into resolving this.","realError":"Microsoft.Azure.CognitiveServices.Vision.ComputerVision.Models.ComputerVisionOcrErrorException: Operation returned an invalid status code 'BadRequest'\r\n   at Microsoft.Azure.CognitiveServices.Vision.ComputerVision.ComputerVisionClient.ReadInStreamWithHttpMessagesAsync(Stream image, String language, IList`1 pages, String modelVersion, String readingOrder, Dictionary`2 customHeaders, CancellationToken cancellationToken)\r\n   at Microsoft.Azure.CognitiveServices.Vision.ComputerVision.ComputerVisionClientExtensions.ReadInStreamAsync(IComputerVisionClient operations, Stream image, String language, IList`1 pages, String modelVersion, String readingOrder, CancellationToken cancellationToken)\r\n   at OCR.Infrastructure.Services.AzureOcrService.RecognizeTextFromFileAsync(String filePath) in c:\\Projects\\OCR\\OCR.Infrastructure\\Services\\AzureOcrService.cs:line 33\r\n   at OCR.Application.Features.Ocr.Commands.UploadAndRecognizeDocument.UploadAndRecognizeDocumentCommandHandler.Handle(UploadAndRecognizeDocumentCommand request, CancellationToken cancellationToken) in c:\\Projects\\OCR\\OCR.Application\\Features\\Ocr\\Commands\\UploadAndRecognizeDocument\\UploadAndRecognizeDocumentCommandHandler.cs:line 67\r\n   at OCR.Application.Common.Behaviors.ValidationBehavior`2.Handle(TRequest request, RequestHandlerDelegate`1 next, CancellationToken ct) in c:\\Projects\\OCR\\OCR.Application\\Common\\Behaviors\\ValidationBehavior.cs:line 35\r\n   at OCR.Host.Controllers.OcrController.Upload(UploadAndRecognizeDocumentCommand command) in c:\\Projects\\OCR\\OCR\\Controllers\\OcrController.cs:line 28\r\n   at Microsoft.AspNetCore.Mvc.Infrastructure.ActionMethodExecutor.TaskOfIActionResultExecutor.Execute(ActionContext actionContext, IActionResultTypeMapper mapper, ObjectMethodExecutor executor, Object controller, Object[] arguments)\r\n   at Microsoft.AspNetCore.Mvc.Infrastructure.ControllerActionInvoker.<InvokeActionMethodAsync>g__Awaited|12_0(ControllerActionInvoker invoker, ValueTask`1 actionResultValueTask)\r\n   at Microsoft.AspNetCore.Mvc.Infrastructure.ControllerActionInvoker.<InvokeNextActionFilterAsync>g__Awaited|10_0(ControllerActionInvoker invoker, Task lastTask, State next, Scope scope, Object state, Boolean isCompleted)\r\n   at Microsoft.AspNetCore.Mvc.Infrastructure.ControllerActionInvoker.Rethrow(ActionExecutedContextSealed context)\r\n   at Microsoft.AspNetCore.Mvc.Infrastructure.ControllerActionInvoker.Next(State& next, Scope& scope, Object& state, Boolean& isCompleted)\r\n   at Microsoft.AspNetCore.Mvc.Infrastructure.ControllerActionInvoker.<InvokeInnerFilterAsync>g__Awaited|13_0(ControllerActionInvoker invoker, Task lastTask, State next, Scope scope, Object state, Boolean isCompleted)\r\n   at Microsoft.AspNetCore.Mvc.Infrastructure.ResourceInvoker.<InvokeFilterPipelineAsync>g__Awaited|20_0(ResourceInvoker invoker, Task lastTask, State next, Scope scope, Object state, Boolean isCompleted)\r\n   at Microsoft.AspNetCore.Mvc.Infrastructure.ResourceInvoker.<InvokeAsync>g__Logged|17_1(ResourceInvoker invoker)\r\n   at Microsoft.AspNetCore.Mvc.Infrastructure.ResourceInvoker.<InvokeAsync>g__Logged|17_1(ResourceInvoker invoker)\r\n   at Microsoft.AspNetCore.Routing.EndpointMiddleware.<Invoke>g__AwaitRequestTask|7_0(Endpoint endpoint, Task requestTask, ILogger logger)\r\n   at OCR.Middlewares.ExceptionHandlerMiddleware.InvokeAsync(HttpContext httpContext) in c:\\Projects\\OCR\\OCR\\Middlewares\\ExceptionHandlerMiddleware.cs:line 22"}



Total tests: 1
     Failed: 1
 Total time: 2.2720 Seconds
